                                 Started job on |	Aug 07 15:48:02
                             Started mapping on |	Aug 07 15:53:49
                                    Finished on |	Aug 07 15:53:56
       Mapping speed, Million of reads per hour |	5.21

                          Number of input reads |	10138
                      Average input read length |	150
                                    UNIQUE READS:
                   Uniquely mapped reads number |	4177
                        Uniquely mapped reads % |	41.20%
                          Average mapped length |	143.57
                       Number of splices: Total |	1219
            Number of splices: Annotated (sjdb) |	1165
                       Number of splices: GT/AG |	1170
                       Number of splices: GC/AG |	6
                       Number of splices: AT/AC |	0
               Number of splices: Non-canonical |	43
                      Mismatch rate per base, % |	0.33%
                         Deletion rate per base |	0.01%
                        Deletion average length |	1.95
                        Insertion rate per base |	0.01%
                       Insertion average length |	1.33
                             MULTI-MAPPING READS:
        Number of reads mapped to multiple loci |	5675
             % of reads mapped to multiple loci |	55.98%
        Number of reads mapped to too many loci |	8
             % of reads mapped to too many loci |	0.08%
                                  UNMAPPED READS:
  Number of reads unmapped: too many mismatches |	0
       % of reads unmapped: too many mismatches |	0.00%
            Number of reads unmapped: too short |	277
                 % of reads unmapped: too short |	2.73%
                Number of reads unmapped: other |	1
                     % of reads unmapped: other |	0.01%
                                  CHIMERIC READS:
                       Number of chimeric reads |	0
                            % of chimeric reads |	0.00%
