                                 Started job on |	Aug 07 15:54:47
                             Started mapping on |	Aug 07 15:56:28
                                    Finished on |	Aug 07 15:56:35
       Mapping speed, Million of reads per hour |	5.66

                          Number of input reads |	11003
                      Average input read length |	150
                                    UNIQUE READS:
                   Uniquely mapped reads number |	4700
                        Uniquely mapped reads % |	42.72%
                          Average mapped length |	143.35
                       Number of splices: Total |	1339
            Number of splices: Annotated (sjdb) |	1278
                       Number of splices: GT/AG |	1284
                       Number of splices: GC/AG |	5
                       Number of splices: AT/AC |	0
               Number of splices: Non-canonical |	50
                      Mismatch rate per base, % |	0.28%
                         Deletion rate per base |	0.01%
                        Deletion average length |	2.07
                        Insertion rate per base |	0.00%
                       Insertion average length |	1.12
                             MULTI-MAPPING READS:
        Number of reads mapped to multiple loci |	6017
             % of reads mapped to multiple loci |	54.69%
        Number of reads mapped to too many loci |	7
             % of reads mapped to too many loci |	0.06%
                                  UNMAPPED READS:
  Number of reads unmapped: too many mismatches |	0
       % of reads unmapped: too many mismatches |	0.00%
            Number of reads unmapped: too short |	279
                 % of reads unmapped: too short |	2.54%
                Number of reads unmapped: other |	0
                     % of reads unmapped: other |	0.00%
                                  CHIMERIC READS:
                       Number of chimeric reads |	0
                            % of chimeric reads |	0.00%
